
> center-management@0.1.0 build C:\Users\zakaria\Desktop\my projetc\hasoub\center-management-multilang-pwa
> prisma generate && next build

node.exe : Environment 
variables loaded from .env
At C:\nvm4w\nodejs\pnpm.ps1:16 
char:5
+     & "$basedir/node$exe"  "$
basedir/node_modules/pnpm/bin/p
npm.cjs"  ...
+     ~~~~~~~~~~~~~~~~~~~~~~~~~
~~~~~~~~~~~~~~~~~~~~~~~~~~~~~~~
~~~~~~~~~
    + CategoryInfo          :  
   NotSpecified: (Environment  
   variables loaded from .en   
 v:String) [], RemoteExcept    
ion
    + FullyQualifiedErrorId :  
   NativeCommandError
 
Prisma schema loaded from prisma\schema.prisma
Error: 
ENOSPC: no space left on 
device, copyfile 
'C:\Users\zakaria\Desktop\my pr
ojetc\hasoub\center-management-
multilang-pwa\node_modules\.pnp
m\prisma@6.19.0_typescript@5.9.
3\node_modules\prisma\query-eng
ine-windows.exe' -> 
'C:\Users\zakaria\Desktop\my pr
ojetc\hasoub\center-management-
multilang-pwa\node_modules\.pnp
m\@prisma+client@6.19.0_prism_0
ade0c2032e7f19289902b884120cfab
\node_modules\.prisma\client\qu
ery-engine-windows.exe.tmp22652
'


ΓÇëELIFECYCLEΓÇë Command failed with exit code 1.
